1>Cantidad: 1
2>Cantidad: 2
3>Cantidad: 1
4>Cantidad: 2
5>Volumen: 10
6>Volumen: 50
7>Volumen: 50
8>Volumen: 40
9>Fin.
